Starting Dynare (version 7.0).
Calling Dynare with arguments: none
Starting preprocessing of the model file ... 
Found 13 equation(s). 
Evaluating expressions... 
Computing static model derivatives (order 1). 
Normalizing the static model... 
Finding the optimal block decomposition of the static model... 
5 block(s) found: 
  4 recursive block(s) and 1 simultaneous block(s). 
  the largest simultaneous block has 9 equation(s) 
                                 and 9 feedback variable(s). 
Computing dynamic model derivatives (order 2). 
Normalizing the dynamic model... 
Finding the optimal block decomposition of the dynamic model... 
2 block(s) found: 
  1 recursive block(s) and 1 simultaneous block(s). 
  the largest simultaneous block has 9 equation(s) 
                                 and 5 feedback variable(s). 
Preprocessing completed. 
Preprocessing time: 0h00m01s.

MODEL SUMMARY

  Number of variables:         13
  Number of stochastic shocks: 3
  Number of state variables:   4
  Number of jumpers:           2
  Number of static variables:  7


MATRIX OF COVARIANCE OF EXOGENOUS SHOCKS
Variables      eps_nu     eps_a     eps_z
eps_nu       0.012869  0.000000  0.000000
eps_a        0.000000  0.000000  0.000000
eps_z        0.000000  0.000000  0.000000

POLICY AND TRANSITION FUNCTIONS
                                  pi           y_gap               i           r_nat               c             c_R          c_WHtM          c_PHtM       w_premium
w_premium(-1)               0.013182        0.024624        0.022852               0        0.024624       -0.043995        0.196173        0.024624        0.686194
nu(-1)                     -0.182175       -0.516400        0.162188               0       -0.516400       -0.490734       -0.580565       -0.516400       -0.256659
a(-1)                      -0.121113       -0.076301       -0.191208       -0.090000       -0.076301       -0.075511       -0.078275       -0.076301       -0.007899
z(-1)                       0.091087        0.258200        0.168906        0.250000        0.258200        0.245367        0.290282        0.258200        0.128329
eps_nu                     -0.364349       -1.032800        0.324376               0       -1.032800       -0.981468       -1.161129       -1.032800       -0.513318
eps_a                      -0.134570       -0.084778       -0.212453       -0.100000       -0.084778       -0.083901       -0.086972       -0.084778       -0.008776
eps_z                       0.182175        0.516400        0.337812        0.500000        0.516400        0.490734        0.580565        0.516400        0.256659


THEORETICAL MOMENTS
VARIABLE          MEAN  STD. DEV.   VARIANCE
pi              0.0000     0.0484     0.0023
y_gap           0.0000     0.1366     0.0187
i               0.0000     0.0414     0.0017
r_nat           0.0000     0.0000     0.0000
c               0.0000     0.1366     0.0187
c_R             0.0000     0.1264     0.0160
c_WHtM          0.0000     0.1639     0.0269
c_PHtM          0.0000     0.1366     0.0187
w_premium       0.0000     0.1322     0.0175



VARIANCE DECOMPOSITION (in percent)
             eps_nu   eps_a   eps_z
pi           100.00    0.00    0.00
y_gap        100.00    0.00    0.00
i            100.00    0.00    0.00
r_nat        100.00    0.00    0.00
c            100.00    0.00    0.00
c_R          100.00    0.00    0.00
c_WHtM       100.00    0.00    0.00
c_PHtM       100.00    0.00    0.00
w_premium    100.00    0.00    0.00



MATRIX OF CORRELATIONS
Variables           pi      y_gap          i          c        c_R     c_WHtM     c_PHtM  w_premium
pi              1.0000     0.9999    -0.9950     0.9999     0.9971     0.9936     0.9999     0.7950
y_gap           0.9999     1.0000    -0.9960     1.0000     0.9979     0.9923     1.0000     0.7881
i              -0.9950    -0.9960     1.0000    -0.9960    -0.9997    -0.9773    -0.9960    -0.7301
c               0.9999     1.0000    -0.9960     1.0000     0.9979     0.9923     1.0000     0.7881
c_R             0.9971     0.9979    -0.9997     0.9979     1.0000     0.9822     0.9979     0.7469
c_WHtM          0.9936     0.9923    -0.9773     0.9923     0.9822     1.0000     0.9923     0.8584
c_PHtM          0.9999     1.0000    -0.9960     1.0000     0.9979     0.9923     1.0000     0.7881
w_premium       0.7950     0.7881    -0.7301     0.7881     0.7469     0.8584     0.7881     1.0000



COEFFICIENTS OF AUTOCORRELATION
Order             1       2       3       4       5
pi           0.5211  0.2750  0.1474  0.0805  0.0449
y_gap        0.5139  0.2665  0.1398  0.0744  0.0403
i            0.4586  0.2009  0.0809  0.0271  0.0044
c            0.5139  0.2665  0.1398  0.0744  0.0403
c_R          0.4736  0.2187  0.0970  0.0400  0.0141
c_WHtM       0.5949  0.3625  0.2259  0.1436  0.0928
c_PHtM       0.5139  0.2665  0.1398  0.0744  0.0403
w_premium    0.8832  0.7045  0.5327  0.3901  0.2800

MODEL SUMMARY

  Number of variables:         13
  Number of stochastic shocks: 3
  Number of state variables:   4
  Number of jumpers:           2
  Number of static variables:  7


MATRIX OF COVARIANCE OF EXOGENOUS SHOCKS
Variables      eps_nu     eps_a     eps_z
eps_nu       0.000000  0.000000  0.000000
eps_a        0.000000  0.000100  0.000000
eps_z        0.000000  0.000000  0.000000

POLICY AND TRANSITION FUNCTIONS
                                  pi           y_gap               i           r_nat               a               c             c_R          c_WHtM          c_PHtM       w_premium
w_premium(-1)               0.013182        0.024624        0.022852               0               0        0.024624       -0.043995        0.196173        0.024624        0.686194
nu(-1)                     -0.182175       -0.516400        0.162188               0               0       -0.516400       -0.490734       -0.580565       -0.516400       -0.256659
a(-1)                      -0.121113       -0.076301       -0.191208       -0.090000        0.900000       -0.076301       -0.075511       -0.078275       -0.076301       -0.007899
z(-1)                       0.091087        0.258200        0.168906        0.250000               0        0.258200        0.245367        0.290282        0.258200        0.128329
eps_nu                     -0.364349       -1.032800        0.324376               0               0       -1.032800       -0.981468       -1.161129       -1.032800       -0.513318
eps_a                      -0.134570       -0.084778       -0.212453       -0.100000        1.000000       -0.084778       -0.083901       -0.086972       -0.084778       -0.008776
eps_z                       0.182175        0.516400        0.337812        0.500000               0        0.516400        0.490734        0.580565        0.516400        0.256659


THEORETICAL MOMENTS
VARIABLE          MEAN  STD. DEV.   VARIANCE
pi              0.0000     0.0031     0.0000
y_gap           0.0000     0.0020     0.0000
i               0.0000     0.0049     0.0000
r_nat           0.0000     0.0023     0.0000
a               0.0000     0.0229     0.0005
c               0.0000     0.0020     0.0000
c_R             0.0000     0.0019     0.0000
c_WHtM          0.0000     0.0021     0.0000
c_PHtM          0.0000     0.0020     0.0000
w_premium       0.0000     0.0006     0.0000



VARIANCE DECOMPOSITION (in percent)
             eps_nu   eps_a   eps_z
pi             0.00  100.00    0.00
y_gap          0.00  100.00    0.00
i              0.00  100.00    0.00
r_nat          0.00  100.00    0.00
a              0.00  100.00    0.00
c              0.00  100.00    0.00
c_R            0.00  100.00    0.00
c_WHtM         0.00  100.00    0.00
c_PHtM         0.00  100.00    0.00
w_premium      0.00  100.00    0.00



MATRIX OF CORRELATIONS
Variables           pi      y_gap          i      r_nat          a          c        c_R     c_WHtM     c_PHtM  w_premium
pi              1.0000     1.0000     1.0000     1.0000    -1.0000     1.0000     1.0000     0.9996     1.0000     0.9254
y_gap           1.0000     1.0000     1.0000     1.0000    -1.0000     1.0000     0.9999     0.9997     1.0000     0.9264
i               1.0000     1.0000     1.0000     1.0000    -1.0000     1.0000     1.0000     0.9996     1.0000     0.9254
r_nat           1.0000     1.0000     1.0000     1.0000    -1.0000     1.0000     1.0000     0.9996     1.0000     0.9249
a              -1.0000    -1.0000    -1.0000    -1.0000     1.0000    -1.0000    -1.0000    -0.9996    -1.0000    -0.9249
c               1.0000     1.0000     1.0000     1.0000    -1.0000     1.0000     0.9999     0.9997     1.0000     0.9264
c_R             1.0000     0.9999     1.0000     1.0000    -1.0000     0.9999     1.0000     0.9993     0.9999     0.9221
c_WHtM          0.9996     0.9997     0.9996     0.9996    -0.9996     0.9997     0.9993     1.0000     0.9997     0.9357
c_PHtM          1.0000     1.0000     1.0000     1.0000    -1.0000     1.0000     0.9999     0.9997     1.0000     0.9264
w_premium       0.9254     0.9264     0.9254     0.9249    -0.9249     0.9264     0.9221     0.9357     0.9264     1.0000



COEFFICIENTS OF AUTOCORRELATION
Order             1       2       3       4       5
pi           0.9004  0.8107  0.7298  0.6570  0.5914
y_gap        0.9013  0.8120  0.7314  0.6587  0.5931
i            0.9005  0.8107  0.7299  0.6570  0.5914
r_nat        0.9000  0.8100  0.7290  0.6561  0.5905
a            0.9000  0.8100  0.7290  0.6561  0.5905
c            0.9013  0.8120  0.7314  0.6587  0.5931
c_R          0.8977  0.8063  0.7246  0.6514  0.5857
c_WHtM       0.9092  0.8246  0.7465  0.6748  0.6094
c_PHtM       0.9013  0.8120  0.7314  0.6587  0.5931
w_premium    0.9806  0.9378  0.8820  0.8199  0.7557

MODEL SUMMARY

  Number of variables:         13
  Number of stochastic shocks: 3
  Number of state variables:   4
  Number of jumpers:           2
  Number of static variables:  7


MATRIX OF COVARIANCE OF EXOGENOUS SHOCKS
Variables      eps_nu     eps_a     eps_z
eps_nu       0.000000  0.000000  0.000000
eps_a        0.000000  0.000000  0.000000
eps_z        0.000000  0.000000  0.000100

POLICY AND TRANSITION FUNCTIONS
                                  pi           y_gap               i           r_nat               z               c             c_R          c_WHtM          c_PHtM       w_premium
w_premium(-1)               0.013182        0.024624        0.022852               0               0        0.024624       -0.043995        0.196173        0.024624        0.686194
nu(-1)                     -0.182175       -0.516400        0.162188               0               0       -0.516400       -0.490734       -0.580565       -0.516400       -0.256659
a(-1)                      -0.121113       -0.076301       -0.191208       -0.090000               0       -0.076301       -0.075511       -0.078275       -0.076301       -0.007899
z(-1)                       0.091087        0.258200        0.168906        0.250000        0.500000        0.258200        0.245367        0.290282        0.258200        0.128329
eps_nu                     -0.364349       -1.032800        0.324376               0               0       -1.032800       -0.981468       -1.161129       -1.032800       -0.513318
eps_a                      -0.134570       -0.084778       -0.212453       -0.100000               0       -0.084778       -0.083901       -0.086972       -0.084778       -0.008776
eps_z                       0.182175        0.516400        0.337812        0.500000        1.000000        0.516400        0.490734        0.580565        0.516400        0.256659


THEORETICAL MOMENTS
VARIABLE          MEAN  STD. DEV.   VARIANCE
pi              0.0000     0.0021     0.0000
y_gap           0.0000     0.0060     0.0000
i               0.0000     0.0040     0.0000
r_nat           0.0000     0.0058     0.0000
z               0.0000     0.0115     0.0001
c               0.0000     0.0060     0.0000
c_R             0.0000     0.0056     0.0000
c_WHtM          0.0000     0.0072     0.0001
c_PHtM          0.0000     0.0060     0.0000
w_premium       0.0000     0.0058     0.0000



VARIANCE DECOMPOSITION (in percent)
             eps_nu   eps_a   eps_z
pi             0.00    0.00  100.00
y_gap          0.00    0.00  100.00
i              0.00    0.00  100.00
r_nat          0.00    0.00  100.00
z              0.00    0.00  100.00
c              0.00    0.00  100.00
c_R            0.00    0.00  100.00
c_WHtM         0.00    0.00  100.00
c_PHtM         0.00    0.00  100.00
w_premium      0.00    0.00  100.00



MATRIX OF CORRELATIONS
Variables           pi      y_gap          i      r_nat          z          c        c_R     c_WHtM     c_PHtM  w_premium
pi              1.0000     0.9999     1.0000     0.9994     0.9994     0.9999     0.9971     0.9936     0.9999     0.7950
y_gap           0.9999     1.0000     1.0000     0.9998     0.9998     1.0000     0.9979     0.9923     1.0000     0.7881
i               1.0000     1.0000     1.0000     0.9995     0.9995     1.0000     0.9973     0.9934     1.0000     0.7937
r_nat           0.9994     0.9998     0.9995     1.0000     1.0000     0.9998     0.9991     0.9893     0.9998     0.7744
z               0.9994     0.9998     0.9995     1.0000     1.0000     0.9998     0.9991     0.9893     0.9998     0.7744
c               0.9999     1.0000     1.0000     0.9998     0.9998     1.0000     0.9979     0.9923     1.0000     0.7881
c_R             0.9971     0.9979     0.9973     0.9991     0.9991     0.9979     1.0000     0.9822     0.9979     0.7469
c_WHtM          0.9936     0.9923     0.9934     0.9893     0.9893     0.9923     0.9822     1.0000     0.9923     0.8584
c_PHtM          0.9999     1.0000     1.0000     0.9998     0.9998     1.0000     0.9979     0.9923     1.0000     0.7881
w_premium       0.7950     0.7881     0.7937     0.7744     0.7744     0.7881     0.7469     0.8584     0.7881     1.0000



COEFFICIENTS OF AUTOCORRELATION
Order             1       2       3       4       5
pi           0.5211  0.2750  0.1474  0.0805  0.0449
y_gap        0.5139  0.2665  0.1398  0.0744  0.0403
i            0.5197  0.2734  0.1460  0.0794  0.0441
r_nat        0.5000  0.2500  0.1250  0.0625  0.0312
z            0.5000  0.2500  0.1250  0.0625  0.0312
c            0.5139  0.2665  0.1398  0.0744  0.0403
c_R          0.4736  0.2187  0.0970  0.0400  0.0141
c_WHtM       0.5949  0.3625  0.2259  0.1436  0.0928
c_PHtM       0.5139  0.2665  0.1398  0.0744  0.0403
w_premium    0.8832  0.7045  0.5327  0.3901  0.2800
Total computing time : 0h00m14s
